2026-09-23 09:31:07,178 - KMA - INFO - Setting self.num_workers to 1. Change it using self.set_num_processors_to_use method.
2026-09-23 09:31:07,178 - KMA - INFO - KMA object created with 36 clusters and seed 42.To customize kma, do self.kma = dict(n_clusters=..., random_state=..., etc)
2026-09-23 09:33:32,938 - KMA - INFO - Setting self.num_workers to 1. Change it using self.set_num_processors_to_use method.
2026-09-23 09:33:32,939 - KMA - INFO - KMA object created with 36 clusters and seed 42.To customize kma, do self.kma = dict(n_clusters=..., random_state=..., etc)
2026-09-23 09:35:00,166 - KMA - INFO - Normalization is disabled. Set normalize_data to True to enable normalization.
2026-09-23 09:35:00,169 - KMA - INFO - Proposed min custom scaler for PC1 is bigger than datapoint
2026-09-23 09:35:00,169 - KMA - INFO - Proposed max custom scaler for PC1 is lower than datapoint
2026-09-23 09:35:00,169 - KMA - INFO - Proposed min custom scaler for PC2 is bigger than datapoint
2026-09-23 09:35:00,169 - KMA - INFO - Proposed max custom scaler for PC2 is lower than datapoint
2026-09-23 09:35:00,170 - KMA - INFO - Proposed min custom scaler for PC3 is bigger than datapoint
2026-09-23 09:35:00,170 - KMA - INFO - Proposed max custom scaler for PC3 is lower than datapoint
2026-09-23 09:35:00,171 - KMA - INFO - Proposed min custom scaler for PC4 is bigger than datapoint
2026-09-23 09:35:00,171 - KMA - INFO - Proposed max custom scaler for PC4 is lower than datapoint
2026-09-23 09:35:00,171 - KMA - INFO - Proposed min custom scaler for PC5 is bigger than datapoint
2026-09-23 09:35:00,172 - KMA - INFO - Proposed max custom scaler for PC5 is lower than datapoint
2026-09-23 09:35:00,172 - KMA - INFO - Proposed min custom scaler for PC6 is bigger than datapoint
2026-09-23 09:35:00,172 - KMA - INFO - Proposed max custom scaler for PC6 is lower than datapoint
2026-09-23 09:35:00,173 - KMA - INFO - Proposed min custom scaler for PC7 is bigger than datapoint
2026-09-23 09:35:00,173 - KMA - INFO - Proposed max custom scaler for PC7 is lower than datapoint
2026-09-23 09:35:00,173 - KMA - INFO - Proposed min custom scaler for PC8 is bigger than datapoint
2026-09-23 09:35:00,173 - KMA - INFO - Proposed max custom scaler for PC8 is lower than datapoint
2026-09-23 09:35:00,174 - KMA - INFO - Proposed min custom scaler for PC9 is bigger than datapoint
2026-09-23 09:35:00,174 - KMA - INFO - Proposed max custom scaler for PC9 is lower than datapoint
2026-09-23 09:35:00,175 - KMA - INFO - Proposed min custom scaler for PC10 is bigger than datapoint
2026-09-23 09:35:00,175 - KMA - INFO - Proposed max custom scaler for PC10 is lower than datapoint
2026-09-23 09:35:00,175 - KMA - INFO - Proposed min custom scaler for PC11 is bigger than datapoint
2026-09-23 09:35:00,175 - KMA - INFO - Proposed max custom scaler for PC11 is lower than datapoint
2026-09-23 09:35:00,176 - KMA - INFO - Proposed min custom scaler for PC12 is bigger than datapoint
2026-09-23 09:35:00,176 - KMA - INFO - Proposed max custom scaler for PC12 is lower than datapoint
2026-09-23 09:35:00,177 - KMA - INFO - Proposed min custom scaler for PC13 is bigger than datapoint
2026-09-23 09:35:00,177 - KMA - INFO - Proposed max custom scaler for PC13 is lower than datapoint
2026-09-23 09:35:00,283 - KMA - INFO - Proposed min custom scaler for PC14 is bigger than datapoint
2026-09-23 09:35:00,283 - KMA - INFO - Proposed max custom scaler for PC14 is lower than datapoint
2026-09-23 09:35:00,284 - KMA - INFO - Proposed min custom scaler for PC15 is bigger than datapoint
2026-09-23 09:35:00,284 - KMA - INFO - Proposed max custom scaler for PC15 is lower than datapoint
2026-09-23 09:35:00,285 - KMA - INFO - Proposed min custom scaler for PC16 is bigger than datapoint
2026-09-23 09:35:00,285 - KMA - INFO - Proposed max custom scaler for PC16 is lower than datapoint
2026-09-23 09:35:00,285 - KMA - INFO - Proposed min custom scaler for PC17 is bigger than datapoint
2026-09-23 09:35:00,285 - KMA - INFO - Proposed max custom scaler for PC17 is lower than datapoint
2026-09-23 09:35:00,609 - KMA - INFO - Found a stable K-Means configuration after 1 attempts.
2026-09-23 09:35:00,614 - KMA - INFO - Proposed min custom scaler for PC1 is bigger than datapoint
2026-09-23 09:35:00,614 - KMA - INFO - Proposed max custom scaler for PC1 is lower than datapoint
2026-09-23 09:35:00,614 - KMA - INFO - Proposed min custom scaler for PC2 is bigger than datapoint
2026-09-23 09:35:00,615 - KMA - INFO - Proposed max custom scaler for PC2 is lower than datapoint
2026-09-23 09:35:00,615 - KMA - INFO - Proposed min custom scaler for PC3 is bigger than datapoint
2026-09-23 09:35:00,615 - KMA - INFO - Proposed max custom scaler for PC3 is lower than datapoint
2026-09-23 09:35:00,615 - KMA - INFO - Proposed min custom scaler for PC4 is bigger than datapoint
2026-09-23 09:35:00,615 - KMA - INFO - Proposed max custom scaler for PC4 is lower than datapoint
2026-09-23 09:35:00,616 - KMA - INFO - Proposed min custom scaler for PC5 is bigger than datapoint
2026-09-23 09:35:00,616 - KMA - INFO - Proposed max custom scaler for PC5 is lower than datapoint
2026-09-23 09:35:00,616 - KMA - INFO - Proposed min custom scaler for PC6 is bigger than datapoint
2026-09-23 09:35:00,617 - KMA - INFO - Proposed max custom scaler for PC6 is lower than datapoint
2026-09-23 09:35:00,617 - KMA - INFO - Proposed min custom scaler for PC7 is bigger than datapoint
2026-09-23 09:35:00,617 - KMA - INFO - Proposed max custom scaler for PC7 is lower than datapoint
2026-09-23 09:35:00,618 - KMA - INFO - Proposed min custom scaler for PC8 is bigger than datapoint
2026-09-23 09:35:00,618 - KMA - INFO - Proposed max custom scaler for PC8 is lower than datapoint
2026-09-23 09:35:00,618 - KMA - INFO - Proposed min custom scaler for PC9 is bigger than datapoint
2026-09-23 09:35:00,618 - KMA - INFO - Proposed max custom scaler for PC9 is lower than datapoint
2026-09-23 09:35:00,619 - KMA - INFO - Proposed min custom scaler for PC10 is bigger than datapoint
2026-09-23 09:35:00,619 - KMA - INFO - Proposed max custom scaler for PC10 is lower than datapoint
2026-09-23 09:35:00,619 - KMA - INFO - Proposed min custom scaler for PC11 is bigger than datapoint
2026-09-23 09:35:00,619 - KMA - INFO - Proposed max custom scaler for PC11 is lower than datapoint
2026-09-23 09:35:00,620 - KMA - INFO - Proposed min custom scaler for PC12 is bigger than datapoint
2026-09-23 09:35:00,620 - KMA - INFO - Proposed max custom scaler for PC12 is lower than datapoint
2026-09-23 09:35:00,620 - KMA - INFO - Proposed min custom scaler for PC13 is bigger than datapoint
2026-09-23 09:35:00,620 - KMA - INFO - Proposed max custom scaler for PC13 is lower than datapoint
2026-09-23 09:35:00,621 - KMA - INFO - Proposed min custom scaler for PC14 is bigger than datapoint
2026-09-23 09:35:00,621 - KMA - INFO - Proposed max custom scaler for PC14 is lower than datapoint
2026-09-23 09:35:00,621 - KMA - INFO - Proposed min custom scaler for PC15 is bigger than datapoint
2026-09-23 09:35:00,621 - KMA - INFO - Proposed max custom scaler for PC15 is lower than datapoint
2026-09-23 09:35:00,622 - KMA - INFO - Proposed min custom scaler for PC16 is bigger than datapoint
2026-09-23 09:35:00,622 - KMA - INFO - Proposed max custom scaler for PC16 is lower than datapoint
2026-09-23 09:35:00,622 - KMA - INFO - Proposed min custom scaler for PC17 is bigger than datapoint
2026-09-23 09:35:00,622 - KMA - INFO - Proposed max custom scaler for PC17 is lower than datapoint
