2026-09-29 13:41:51,226 - KMA - INFO - Setting self.num_workers to 1. Change it using self.set_num_processors_to_use method.
2026-09-29 13:41:51,226 - KMA - INFO - KMA object created with 36 clusters and seed 42.To customize kma, do self.kma = dict(n_clusters=..., random_state=..., etc)
2026-09-29 13:44:57,982 - KMA - INFO - Setting self.num_workers to 1. Change it using self.set_num_processors_to_use method.
2026-09-29 13:44:57,983 - KMA - INFO - KMA object created with 36 clusters and seed 42.To customize kma, do self.kma = dict(n_clusters=..., random_state=..., etc)
2026-09-29 13:44:57,989 - KMA - INFO - Normalization is disabled. Set normalize_data to True to enable normalization.
2026-09-29 13:44:57,993 - KMA - INFO - Proposed min custom scaler for PC1 is bigger than datapoint
2026-09-29 13:44:57,993 - KMA - INFO - Proposed max custom scaler for PC1 is lower than datapoint
2026-09-29 13:44:57,994 - KMA - INFO - Proposed min custom scaler for PC2 is bigger than datapoint
2026-09-29 13:44:57,994 - KMA - INFO - Proposed max custom scaler for PC2 is lower than datapoint
2026-09-29 13:44:57,995 - KMA - INFO - Proposed min custom scaler for PC3 is bigger than datapoint
2026-09-29 13:44:57,995 - KMA - INFO - Proposed max custom scaler for PC3 is lower than datapoint
2026-09-29 13:44:57,996 - KMA - INFO - Proposed min custom scaler for PC4 is bigger than datapoint
2026-09-29 13:44:57,996 - KMA - INFO - Proposed max custom scaler for PC4 is lower than datapoint
2026-09-29 13:44:57,996 - KMA - INFO - Proposed min custom scaler for PC5 is bigger than datapoint
2026-09-29 13:44:57,996 - KMA - INFO - Proposed max custom scaler for PC5 is lower than datapoint
2026-09-29 13:44:57,997 - KMA - INFO - Proposed min custom scaler for PC6 is bigger than datapoint
2026-09-29 13:44:57,997 - KMA - INFO - Proposed max custom scaler for PC6 is lower than datapoint
2026-09-29 13:44:57,998 - KMA - INFO - Proposed min custom scaler for PC7 is bigger than datapoint
2026-09-29 13:44:57,998 - KMA - INFO - Proposed max custom scaler for PC7 is lower than datapoint
2026-09-29 13:44:57,998 - KMA - INFO - Proposed min custom scaler for PC8 is bigger than datapoint
2026-09-29 13:44:57,998 - KMA - INFO - Proposed max custom scaler for PC8 is lower than datapoint
2026-09-29 13:44:57,999 - KMA - INFO - Proposed min custom scaler for PC9 is bigger than datapoint
2026-09-29 13:44:57,999 - KMA - INFO - Proposed max custom scaler for PC9 is lower than datapoint
2026-09-29 13:44:58,000 - KMA - INFO - Proposed min custom scaler for PC10 is bigger than datapoint
2026-09-29 13:44:58,000 - KMA - INFO - Proposed max custom scaler for PC10 is lower than datapoint
2026-09-29 13:44:58,000 - KMA - INFO - Proposed min custom scaler for PC11 is bigger than datapoint
2026-09-29 13:44:58,000 - KMA - INFO - Proposed max custom scaler for PC11 is lower than datapoint
2026-09-29 13:44:58,001 - KMA - INFO - Proposed min custom scaler for PC12 is bigger than datapoint
2026-09-29 13:44:58,001 - KMA - INFO - Proposed max custom scaler for PC12 is lower than datapoint
2026-09-29 13:44:58,002 - KMA - INFO - Proposed min custom scaler for PC13 is bigger than datapoint
2026-09-29 13:44:58,002 - KMA - INFO - Proposed max custom scaler for PC13 is lower than datapoint
2026-09-29 13:44:58,002 - KMA - INFO - Proposed min custom scaler for PC14 is bigger than datapoint
2026-09-29 13:44:58,002 - KMA - INFO - Proposed max custom scaler for PC14 is lower than datapoint
2026-09-29 13:44:58,003 - KMA - INFO - Proposed min custom scaler for PC15 is bigger than datapoint
2026-09-29 13:44:58,003 - KMA - INFO - Proposed max custom scaler for PC15 is lower than datapoint
2026-09-29 13:44:58,003 - KMA - INFO - Proposed min custom scaler for PC16 is bigger than datapoint
2026-09-29 13:44:58,003 - KMA - INFO - Proposed max custom scaler for PC16 is lower than datapoint
2026-09-29 13:44:58,004 - KMA - INFO - Proposed min custom scaler for PC17 is bigger than datapoint
2026-09-29 13:44:58,004 - KMA - INFO - Proposed max custom scaler for PC17 is lower than datapoint
2026-09-29 13:44:58,004 - KMA - INFO - Proposed min custom scaler for PC18 is bigger than datapoint
2026-09-29 13:44:58,004 - KMA - INFO - Proposed max custom scaler for PC18 is lower than datapoint
2026-09-29 13:44:58,005 - KMA - INFO - Proposed min custom scaler for PC19 is bigger than datapoint
2026-09-29 13:44:58,005 - KMA - INFO - Proposed max custom scaler for PC19 is lower than datapoint
2026-09-29 13:44:58,005 - KMA - INFO - Proposed min custom scaler for PC20 is bigger than datapoint
2026-09-29 13:44:58,005 - KMA - INFO - Proposed max custom scaler for PC20 is lower than datapoint
2026-09-29 13:44:58,478 - KMA - INFO - Found a stable K-Means configuration after 1 attempts.
2026-09-29 13:44:58,483 - KMA - INFO - Proposed min custom scaler for PC1 is bigger than datapoint
2026-09-29 13:44:58,483 - KMA - INFO - Proposed max custom scaler for PC1 is lower than datapoint
2026-09-29 13:44:58,484 - KMA - INFO - Proposed min custom scaler for PC2 is bigger than datapoint
2026-09-29 13:44:58,484 - KMA - INFO - Proposed max custom scaler for PC2 is lower than datapoint
2026-09-29 13:44:58,484 - KMA - INFO - Proposed min custom scaler for PC3 is bigger than datapoint
2026-09-29 13:44:58,484 - KMA - INFO - Proposed max custom scaler for PC3 is lower than datapoint
2026-09-29 13:44:58,485 - KMA - INFO - Proposed min custom scaler for PC4 is bigger than datapoint
2026-09-29 13:44:58,485 - KMA - INFO - Proposed max custom scaler for PC4 is lower than datapoint
2026-09-29 13:44:58,485 - KMA - INFO - Proposed min custom scaler for PC5 is bigger than datapoint
2026-09-29 13:44:58,485 - KMA - INFO - Proposed max custom scaler for PC5 is lower than datapoint
2026-09-29 13:44:58,485 - KMA - INFO - Proposed min custom scaler for PC6 is bigger than datapoint
2026-09-29 13:44:58,485 - KMA - INFO - Proposed max custom scaler for PC6 is lower than datapoint
2026-09-29 13:44:58,486 - KMA - INFO - Proposed min custom scaler for PC7 is bigger than datapoint
2026-09-29 13:44:58,486 - KMA - INFO - Proposed max custom scaler for PC7 is lower than datapoint
2026-09-29 13:44:58,486 - KMA - INFO - Proposed min custom scaler for PC8 is bigger than datapoint
2026-09-29 13:44:58,486 - KMA - INFO - Proposed max custom scaler for PC8 is lower than datapoint
2026-09-29 13:44:58,487 - KMA - INFO - Proposed min custom scaler for PC9 is bigger than datapoint
2026-09-29 13:44:58,487 - KMA - INFO - Proposed max custom scaler for PC9 is lower than datapoint
2026-09-29 13:44:58,487 - KMA - INFO - Proposed min custom scaler for PC10 is bigger than datapoint
2026-09-29 13:44:58,487 - KMA - INFO - Proposed max custom scaler for PC10 is lower than datapoint
2026-09-29 13:44:58,488 - KMA - INFO - Proposed min custom scaler for PC11 is bigger than datapoint
2026-09-29 13:44:58,488 - KMA - INFO - Proposed max custom scaler for PC11 is lower than datapoint
2026-09-29 13:44:58,488 - KMA - INFO - Proposed min custom scaler for PC12 is bigger than datapoint
2026-09-29 13:44:58,488 - KMA - INFO - Proposed max custom scaler for PC12 is lower than datapoint
2026-09-29 13:44:58,488 - KMA - INFO - Proposed min custom scaler for PC13 is bigger than datapoint
2026-09-29 13:44:58,489 - KMA - INFO - Proposed max custom scaler for PC13 is lower than datapoint
2026-09-29 13:44:58,489 - KMA - INFO - Proposed min custom scaler for PC14 is bigger than datapoint
2026-09-29 13:44:58,489 - KMA - INFO - Proposed max custom scaler for PC14 is lower than datapoint
2026-09-29 13:44:58,489 - KMA - INFO - Proposed min custom scaler for PC15 is bigger than datapoint
2026-09-29 13:44:58,489 - KMA - INFO - Proposed max custom scaler for PC15 is lower than datapoint
2026-09-29 13:44:58,490 - KMA - INFO - Proposed min custom scaler for PC16 is bigger than datapoint
2026-09-29 13:44:58,490 - KMA - INFO - Proposed max custom scaler for PC16 is lower than datapoint
2026-09-29 13:44:58,490 - KMA - INFO - Proposed min custom scaler for PC17 is bigger than datapoint
2026-09-29 13:44:58,490 - KMA - INFO - Proposed max custom scaler for PC17 is lower than datapoint
2026-09-29 13:44:58,491 - KMA - INFO - Proposed min custom scaler for PC18 is bigger than datapoint
2026-09-29 13:44:58,491 - KMA - INFO - Proposed max custom scaler for PC18 is lower than datapoint
2026-09-29 13:44:58,491 - KMA - INFO - Proposed min custom scaler for PC19 is bigger than datapoint
2026-09-29 13:44:58,491 - KMA - INFO - Proposed max custom scaler for PC19 is lower than datapoint
2026-09-29 13:44:58,492 - KMA - INFO - Proposed min custom scaler for PC20 is bigger than datapoint
2026-09-29 13:44:58,492 - KMA - INFO - Proposed max custom scaler for PC20 is lower than datapoint
2026-09-29 13:45:24,963 - KMA - INFO - Setting self.num_workers to 1. Change it using self.set_num_processors_to_use method.
2026-09-29 13:45:24,964 - KMA - INFO - KMA object created with 36 clusters and seed 42.To customize kma, do self.kma = dict(n_clusters=..., random_state=..., etc)
2026-09-29 13:45:24,968 - KMA - INFO - Normalization is disabled. Set normalize_data to True to enable normalization.
2026-09-29 13:45:24,969 - KMA - INFO - Proposed min custom scaler for PC1 is bigger than datapoint
2026-09-29 13:45:24,970 - KMA - INFO - Proposed max custom scaler for PC1 is lower than datapoint
2026-09-29 13:45:24,970 - KMA - INFO - Proposed min custom scaler for PC2 is bigger than datapoint
2026-09-29 13:45:24,970 - KMA - INFO - Proposed max custom scaler for PC2 is lower than datapoint
2026-09-29 13:45:24,971 - KMA - INFO - Proposed min custom scaler for PC3 is bigger than datapoint
2026-09-29 13:45:24,971 - KMA - INFO - Proposed max custom scaler for PC3 is lower than datapoint
2026-09-29 13:45:24,971 - KMA - INFO - Proposed min custom scaler for PC4 is bigger than datapoint
2026-09-29 13:45:24,971 - KMA - INFO - Proposed max custom scaler for PC4 is lower than datapoint
2026-09-29 13:45:24,972 - KMA - INFO - Proposed min custom scaler for PC5 is bigger than datapoint
2026-09-29 13:45:24,972 - KMA - INFO - Proposed max custom scaler for PC5 is lower than datapoint
2026-09-29 13:45:24,972 - KMA - INFO - Proposed min custom scaler for PC6 is bigger than datapoint
2026-09-29 13:45:24,972 - KMA - INFO - Proposed max custom scaler for PC6 is lower than datapoint
2026-09-29 13:45:24,973 - KMA - INFO - Proposed min custom scaler for PC7 is bigger than datapoint
2026-09-29 13:45:24,973 - KMA - INFO - Proposed max custom scaler for PC7 is lower than datapoint
2026-09-29 13:45:24,973 - KMA - INFO - Proposed min custom scaler for PC8 is bigger than datapoint
2026-09-29 13:45:24,973 - KMA - INFO - Proposed max custom scaler for PC8 is lower than datapoint
2026-09-29 13:45:24,974 - KMA - INFO - Proposed min custom scaler for PC9 is bigger than datapoint
2026-09-29 13:45:24,974 - KMA - INFO - Proposed max custom scaler for PC9 is lower than datapoint
2026-09-29 13:45:24,974 - KMA - INFO - Proposed min custom scaler for PC10 is bigger than datapoint
2026-09-29 13:45:24,974 - KMA - INFO - Proposed max custom scaler for PC10 is lower than datapoint
2026-09-29 13:45:24,974 - KMA - INFO - Proposed min custom scaler for PC11 is bigger than datapoint
2026-09-29 13:45:24,975 - KMA - INFO - Proposed max custom scaler for PC11 is lower than datapoint
2026-09-29 13:45:24,975 - KMA - INFO - Proposed min custom scaler for PC12 is bigger than datapoint
2026-09-29 13:45:24,975 - KMA - INFO - Proposed max custom scaler for PC12 is lower than datapoint
2026-09-29 13:45:24,975 - KMA - INFO - Proposed min custom scaler for PC13 is bigger than datapoint
2026-09-29 13:45:24,975 - KMA - INFO - Proposed max custom scaler for PC13 is lower than datapoint
2026-09-29 13:45:24,976 - KMA - INFO - Proposed min custom scaler for PC14 is bigger than datapoint
2026-09-29 13:45:24,976 - KMA - INFO - Proposed max custom scaler for PC14 is lower than datapoint
2026-09-29 13:45:24,976 - KMA - INFO - Proposed min custom scaler for PC15 is bigger than datapoint
2026-09-29 13:45:24,976 - KMA - INFO - Proposed max custom scaler for PC15 is lower than datapoint
2026-09-29 13:45:24,977 - KMA - INFO - Proposed min custom scaler for PC16 is bigger than datapoint
2026-09-29 13:45:24,977 - KMA - INFO - Proposed max custom scaler for PC16 is lower than datapoint
2026-09-29 13:45:24,977 - KMA - INFO - Proposed min custom scaler for PC17 is bigger than datapoint
2026-09-29 13:45:24,977 - KMA - INFO - Proposed max custom scaler for PC17 is lower than datapoint
2026-09-29 13:45:24,978 - KMA - INFO - Proposed min custom scaler for PC18 is bigger than datapoint
2026-09-29 13:45:24,978 - KMA - INFO - Proposed max custom scaler for PC18 is lower than datapoint
2026-09-29 13:45:24,978 - KMA - INFO - Proposed min custom scaler for PC19 is bigger than datapoint
2026-09-29 13:45:24,978 - KMA - INFO - Proposed max custom scaler for PC19 is lower than datapoint
2026-09-29 13:45:24,979 - KMA - INFO - Proposed min custom scaler for PC20 is bigger than datapoint
2026-09-29 13:45:24,979 - KMA - INFO - Proposed max custom scaler for PC20 is lower than datapoint
2026-09-29 13:45:25,079 - KMA - INFO - Found a stable K-Means configuration after 1 attempts.
2026-09-29 13:45:25,085 - KMA - INFO - Proposed min custom scaler for PC1 is bigger than datapoint
2026-09-29 13:45:25,085 - KMA - INFO - Proposed max custom scaler for PC1 is lower than datapoint
2026-09-29 13:45:25,085 - KMA - INFO - Proposed min custom scaler for PC2 is bigger than datapoint
2026-09-29 13:45:25,085 - KMA - INFO - Proposed max custom scaler for PC2 is lower than datapoint
2026-09-29 13:45:25,086 - KMA - INFO - Proposed min custom scaler for PC3 is bigger than datapoint
2026-09-29 13:45:25,086 - KMA - INFO - Proposed max custom scaler for PC3 is lower than datapoint
2026-09-29 13:45:25,086 - KMA - INFO - Proposed min custom scaler for PC4 is bigger than datapoint
2026-09-29 13:45:25,086 - KMA - INFO - Proposed max custom scaler for PC4 is lower than datapoint
2026-09-29 13:45:25,086 - KMA - INFO - Proposed min custom scaler for PC5 is bigger than datapoint
2026-09-29 13:45:25,086 - KMA - INFO - Proposed max custom scaler for PC5 is lower than datapoint
2026-09-29 13:45:25,087 - KMA - INFO - Proposed min custom scaler for PC6 is bigger than datapoint
2026-09-29 13:45:25,087 - KMA - INFO - Proposed max custom scaler for PC6 is lower than datapoint
2026-09-29 13:45:25,087 - KMA - INFO - Proposed min custom scaler for PC7 is bigger than datapoint
2026-09-29 13:45:25,087 - KMA - INFO - Proposed max custom scaler for PC7 is lower than datapoint
2026-09-29 13:45:25,088 - KMA - INFO - Proposed min custom scaler for PC8 is bigger than datapoint
2026-09-29 13:45:25,088 - KMA - INFO - Proposed max custom scaler for PC8 is lower than datapoint
2026-09-29 13:45:25,088 - KMA - INFO - Proposed min custom scaler for PC9 is bigger than datapoint
2026-09-29 13:45:25,088 - KMA - INFO - Proposed max custom scaler for PC9 is lower than datapoint
2026-09-29 13:45:25,089 - KMA - INFO - Proposed min custom scaler for PC10 is bigger than datapoint
2026-09-29 13:45:25,089 - KMA - INFO - Proposed max custom scaler for PC10 is lower than datapoint
2026-09-29 13:45:25,089 - KMA - INFO - Proposed min custom scaler for PC11 is bigger than datapoint
2026-09-29 13:45:25,089 - KMA - INFO - Proposed max custom scaler for PC11 is lower than datapoint
2026-09-29 13:45:25,089 - KMA - INFO - Proposed min custom scaler for PC12 is bigger than datapoint
2026-09-29 13:45:25,089 - KMA - INFO - Proposed max custom scaler for PC12 is lower than datapoint
2026-09-29 13:45:25,090 - KMA - INFO - Proposed min custom scaler for PC13 is bigger than datapoint
2026-09-29 13:45:25,090 - KMA - INFO - Proposed max custom scaler for PC13 is lower than datapoint
2026-09-29 13:45:25,090 - KMA - INFO - Proposed min custom scaler for PC14 is bigger than datapoint
2026-09-29 13:45:25,090 - KMA - INFO - Proposed max custom scaler for PC14 is lower than datapoint
2026-09-29 13:45:25,091 - KMA - INFO - Proposed min custom scaler for PC15 is bigger than datapoint
2026-09-29 13:45:25,091 - KMA - INFO - Proposed max custom scaler for PC15 is lower than datapoint
2026-09-29 13:45:25,092 - KMA - INFO - Proposed min custom scaler for PC16 is bigger than datapoint
2026-09-29 13:45:25,092 - KMA - INFO - Proposed max custom scaler for PC16 is lower than datapoint
2026-09-29 13:45:25,092 - KMA - INFO - Proposed min custom scaler for PC17 is bigger than datapoint
2026-09-29 13:45:25,092 - KMA - INFO - Proposed max custom scaler for PC17 is lower than datapoint
2026-09-29 13:45:25,093 - KMA - INFO - Proposed min custom scaler for PC18 is bigger than datapoint
2026-09-29 13:45:25,093 - KMA - INFO - Proposed max custom scaler for PC18 is lower than datapoint
2026-09-29 13:45:25,093 - KMA - INFO - Proposed min custom scaler for PC19 is bigger than datapoint
2026-09-29 13:45:25,094 - KMA - INFO - Proposed max custom scaler for PC19 is lower than datapoint
2026-09-29 13:45:25,094 - KMA - INFO - Proposed min custom scaler for PC20 is bigger than datapoint
2026-09-29 13:45:25,094 - KMA - INFO - Proposed max custom scaler for PC20 is lower than datapoint
2026-09-29 13:45:32,136 - KMA - INFO - Setting self.num_workers to 1. Change it using self.set_num_processors_to_use method.
2026-09-29 13:45:32,136 - KMA - INFO - KMA object created with 36 clusters and seed 42.To customize kma, do self.kma = dict(n_clusters=..., random_state=..., etc)
2026-09-29 13:45:32,141 - KMA - INFO - Normalization is disabled. Set normalize_data to True to enable normalization.
2026-09-29 13:45:32,142 - KMA - INFO - Proposed min custom scaler for PC1 is bigger than datapoint
2026-09-29 13:45:32,143 - KMA - INFO - Proposed max custom scaler for PC1 is lower than datapoint
2026-09-29 13:45:32,143 - KMA - INFO - Proposed min custom scaler for PC2 is bigger than datapoint
2026-09-29 13:45:32,143 - KMA - INFO - Proposed max custom scaler for PC2 is lower than datapoint
2026-09-29 13:45:32,144 - KMA - INFO - Proposed min custom scaler for PC3 is bigger than datapoint
2026-09-29 13:45:32,144 - KMA - INFO - Proposed max custom scaler for PC3 is lower than datapoint
2026-09-29 13:45:32,144 - KMA - INFO - Proposed min custom scaler for PC4 is bigger than datapoint
2026-09-29 13:45:32,144 - KMA - INFO - Proposed max custom scaler for PC4 is lower than datapoint
2026-09-29 13:45:32,145 - KMA - INFO - Proposed min custom scaler for PC5 is bigger than datapoint
2026-09-29 13:45:32,145 - KMA - INFO - Proposed max custom scaler for PC5 is lower than datapoint
2026-09-29 13:45:32,145 - KMA - INFO - Proposed min custom scaler for PC6 is bigger than datapoint
2026-09-29 13:45:32,145 - KMA - INFO - Proposed max custom scaler for PC6 is lower than datapoint
2026-09-29 13:45:32,146 - KMA - INFO - Proposed min custom scaler for PC7 is bigger than datapoint
2026-09-29 13:45:32,146 - KMA - INFO - Proposed max custom scaler for PC7 is lower than datapoint
2026-09-29 13:45:32,146 - KMA - INFO - Proposed min custom scaler for PC8 is bigger than datapoint
2026-09-29 13:45:32,146 - KMA - INFO - Proposed max custom scaler for PC8 is lower than datapoint
2026-09-29 13:45:32,147 - KMA - INFO - Proposed min custom scaler for PC9 is bigger than datapoint
2026-09-29 13:45:32,147 - KMA - INFO - Proposed max custom scaler for PC9 is lower than datapoint
2026-09-29 13:45:32,148 - KMA - INFO - Proposed min custom scaler for PC10 is bigger than datapoint
2026-09-29 13:45:32,148 - KMA - INFO - Proposed max custom scaler for PC10 is lower than datapoint
2026-09-29 13:45:32,148 - KMA - INFO - Proposed min custom scaler for PC11 is bigger than datapoint
2026-09-29 13:45:32,148 - KMA - INFO - Proposed max custom scaler for PC11 is lower than datapoint
2026-09-29 13:45:32,149 - KMA - INFO - Proposed min custom scaler for PC12 is bigger than datapoint
2026-09-29 13:45:32,149 - KMA - INFO - Proposed max custom scaler for PC12 is lower than datapoint
2026-09-29 13:45:32,149 - KMA - INFO - Proposed min custom scaler for PC13 is bigger than datapoint
2026-09-29 13:45:32,150 - KMA - INFO - Proposed max custom scaler for PC13 is lower than datapoint
2026-09-29 13:45:32,150 - KMA - INFO - Proposed min custom scaler for PC14 is bigger than datapoint
2026-09-29 13:45:32,150 - KMA - INFO - Proposed max custom scaler for PC14 is lower than datapoint
2026-09-29 13:45:32,151 - KMA - INFO - Proposed min custom scaler for PC15 is bigger than datapoint
2026-09-29 13:45:32,151 - KMA - INFO - Proposed max custom scaler for PC15 is lower than datapoint
2026-09-29 13:45:32,151 - KMA - INFO - Proposed min custom scaler for PC16 is bigger than datapoint
2026-09-29 13:45:32,151 - KMA - INFO - Proposed max custom scaler for PC16 is lower than datapoint
2026-09-29 13:45:32,152 - KMA - INFO - Proposed min custom scaler for PC17 is bigger than datapoint
2026-09-29 13:45:32,152 - KMA - INFO - Proposed max custom scaler for PC17 is lower than datapoint
2026-09-29 13:45:32,152 - KMA - INFO - Proposed min custom scaler for PC18 is bigger than datapoint
2026-09-29 13:45:32,152 - KMA - INFO - Proposed max custom scaler for PC18 is lower than datapoint
2026-09-29 13:45:32,153 - KMA - INFO - Proposed min custom scaler for PC19 is bigger than datapoint
2026-09-29 13:45:32,153 - KMA - INFO - Proposed max custom scaler for PC19 is lower than datapoint
2026-09-29 13:45:32,153 - KMA - INFO - Proposed min custom scaler for PC20 is bigger than datapoint
2026-09-29 13:45:32,153 - KMA - INFO - Proposed max custom scaler for PC20 is lower than datapoint
2026-09-29 13:45:32,293 - KMA - INFO - Found a stable K-Means configuration after 1 attempts.
2026-09-29 13:45:32,298 - KMA - INFO - Proposed min custom scaler for PC1 is bigger than datapoint
2026-09-29 13:45:32,298 - KMA - INFO - Proposed max custom scaler for PC1 is lower than datapoint
2026-09-29 13:45:32,299 - KMA - INFO - Proposed min custom scaler for PC2 is bigger than datapoint
2026-09-29 13:45:32,299 - KMA - INFO - Proposed max custom scaler for PC2 is lower than datapoint
2026-09-29 13:45:32,299 - KMA - INFO - Proposed min custom scaler for PC3 is bigger than datapoint
2026-09-29 13:45:32,299 - KMA - INFO - Proposed max custom scaler for PC3 is lower than datapoint
2026-09-29 13:45:32,300 - KMA - INFO - Proposed min custom scaler for PC4 is bigger than datapoint
2026-09-29 13:45:32,300 - KMA - INFO - Proposed max custom scaler for PC4 is lower than datapoint
2026-09-29 13:45:32,300 - KMA - INFO - Proposed min custom scaler for PC5 is bigger than datapoint
2026-09-29 13:45:32,300 - KMA - INFO - Proposed max custom scaler for PC5 is lower than datapoint
2026-09-29 13:45:32,301 - KMA - INFO - Proposed min custom scaler for PC6 is bigger than datapoint
2026-09-29 13:45:32,301 - KMA - INFO - Proposed max custom scaler for PC6 is lower than datapoint
2026-09-29 13:45:32,301 - KMA - INFO - Proposed min custom scaler for PC7 is bigger than datapoint
2026-09-29 13:45:32,301 - KMA - INFO - Proposed max custom scaler for PC7 is lower than datapoint
2026-09-29 13:45:32,301 - KMA - INFO - Proposed min custom scaler for PC8 is bigger than datapoint
2026-09-29 13:45:32,301 - KMA - INFO - Proposed max custom scaler for PC8 is lower than datapoint
2026-09-29 13:45:32,302 - KMA - INFO - Proposed min custom scaler for PC9 is bigger than datapoint
2026-09-29 13:45:32,302 - KMA - INFO - Proposed max custom scaler for PC9 is lower than datapoint
2026-09-29 13:45:32,302 - KMA - INFO - Proposed min custom scaler for PC10 is bigger than datapoint
2026-09-29 13:45:32,302 - KMA - INFO - Proposed max custom scaler for PC10 is lower than datapoint
2026-09-29 13:45:32,303 - KMA - INFO - Proposed min custom scaler for PC11 is bigger than datapoint
2026-09-29 13:45:32,303 - KMA - INFO - Proposed max custom scaler for PC11 is lower than datapoint
2026-09-29 13:45:32,303 - KMA - INFO - Proposed min custom scaler for PC12 is bigger than datapoint
2026-09-29 13:45:32,303 - KMA - INFO - Proposed max custom scaler for PC12 is lower than datapoint
2026-09-29 13:45:32,304 - KMA - INFO - Proposed min custom scaler for PC13 is bigger than datapoint
2026-09-29 13:45:32,304 - KMA - INFO - Proposed max custom scaler for PC13 is lower than datapoint
2026-09-29 13:45:32,304 - KMA - INFO - Proposed min custom scaler for PC14 is bigger than datapoint
2026-09-29 13:45:32,304 - KMA - INFO - Proposed max custom scaler for PC14 is lower than datapoint
2026-09-29 13:45:32,304 - KMA - INFO - Proposed min custom scaler for PC15 is bigger than datapoint
2026-09-29 13:45:32,304 - KMA - INFO - Proposed max custom scaler for PC15 is lower than datapoint
2026-09-29 13:45:32,305 - KMA - INFO - Proposed min custom scaler for PC16 is bigger than datapoint
2026-09-29 13:45:32,305 - KMA - INFO - Proposed max custom scaler for PC16 is lower than datapoint
2026-09-29 13:45:32,305 - KMA - INFO - Proposed min custom scaler for PC17 is bigger than datapoint
2026-09-29 13:45:32,305 - KMA - INFO - Proposed max custom scaler for PC17 is lower than datapoint
2026-09-29 13:45:32,306 - KMA - INFO - Proposed min custom scaler for PC18 is bigger than datapoint
2026-09-29 13:45:32,306 - KMA - INFO - Proposed max custom scaler for PC18 is lower than datapoint
2026-09-29 13:45:32,306 - KMA - INFO - Proposed min custom scaler for PC19 is bigger than datapoint
2026-09-29 13:45:32,306 - KMA - INFO - Proposed max custom scaler for PC19 is lower than datapoint
2026-09-29 13:45:32,307 - KMA - INFO - Proposed min custom scaler for PC20 is bigger than datapoint
2026-09-29 13:45:32,307 - KMA - INFO - Proposed max custom scaler for PC20 is lower than datapoint
